---
source: crates/tensor-wasm-cli/tests/help_snapshots.rs
expression: "help(&[\"snapshot\", \"restore\", \"--help\"])"
---
Restore an instance from a `.tensor-wasm` archive via the API

Usage: tensor-wasm snapshot restore [OPTIONS] --input <INPUT> --as-instance <AS_INSTANCE> --server <SERVER>

Options:
      --input <INPUT>
          Path to the `.tensor-wasm` archive to upload
      --tenant <TENANT>
          Tenant id to advertise on outbound API requests via `X-TensorWasm-Tenant`. Zero (the default) suppresses the header for backwards compatibility [default: 0]
      --as-instance <AS_INSTANCE>
          Identifier to assign to the restored instance
      --server <SERVER>
          Base URL of the target TensorWasm server (e.g. `http://localhost:8080`)
      --max-archive-bytes <MAX_ARCHIVE_BYTES>
          Maximum *on-disk archive* size the CLI will upload, in bytes (default 256 MiB). This bounds the compressed payload only — the decompressed footprint is enforced server-side and may be much larger. The deprecated alias `--max-decompressed` is accepted for one release; prefer `--max-archive-bytes` in new scripts [default: 268435456]
      --hmac-key-file <PATH>
          Path to a 32-byte HMAC-SHA256 key. The file is interpreted as 64 hex characters if it's that length (whitespace trimmed), otherwise as 32 raw bytes. Mismatched length → error. When set, the key is forwarded to the server (hex-encoded, in the `X-TensorWasm-Snapshot-HMAC-Key` header) and the server uses it to verify the archive's signature
      --require-signature
          Refuse to restore an unsigned (v2) snapshot. Sends the `X-TensorWasm-Snapshot-Require-Signature: true` header so the server fails closed on archives produced before signing was enabled
      --ca-cert <PATH>
          Trust an additional PEM-encoded private CA root for HTTPS (added alongside the system trust store, not instead of it). Use this for a server fronted by an internal/self-signed CA instead of `--insecure`. The file must be PEM, not DER
      --insecure
          SECURITY HAZARD: disable TLS certificate verification for outbound HTTPS, exposing the connection to man-in-the-middle attacks and possible theft of the TENSOR_WASM_TOKEN credential. For local dev against a throwaway cert only; prefer --ca-cert. Warns on every run
  -h, --help
          Print help
