---
source: crates/tensor-wasm-cli/tests/help_snapshots.rs
expression: "help(&[\"deploy\", \"--help\"])"
---
Upload a Wasm module to a TensorWasm server

Usage: tensor-wasm deploy [OPTIONS] --server <SERVER> <FILE>

Arguments:
  <FILE>
          Path to the `.wasm` file to deploy

Options:
      --server <SERVER>
          Base URL of the target TensorWasm server (e.g. `http://localhost:8080`)

      --tenant <TENANT>
          Tenant id to advertise on outbound API requests via `X-TensorWasm-Tenant`. Zero (the default) suppresses the header for backwards compatibility
          
          [default: 0]

      --name <NAME>
          Tenant-supplied display name. Defaults to the file stem when omitted

      --output <OUTPUT>
          Output format: `text` (the deployed id printed bare, default) or `json` (a stable machine-readable envelope carrying the deployed id, for scripting / CI).
          
          `display_order` pinned so this sorts after the other local flags and before the global TLS flags, keeping the help layout stable — matching the `metrics` / `observe` / `bench` commands.

          Possible values:
          - text: Human-readable tables / dashboard (the default)
          - json: Machine-readable JSON document for scripting / CI perf gates
          
          [default: text]

      --ca-cert <PATH>
          Trust an additional PEM-encoded private CA root for HTTPS (added alongside the system trust store, not instead of it). Use this for a server fronted by an internal/self-signed CA instead of `--insecure`. The file must be PEM, not DER

      --insecure
          SECURITY HAZARD: disable TLS certificate verification for outbound HTTPS, exposing the connection to man-in-the-middle attacks and possible theft of the TENSOR_WASM_TOKEN credential. For local dev against a throwaway cert only; prefer --ca-cert. Warns on every run

  -h, --help
          Print help (see a summary with '-h')
