---
source: crates/tensor-wasm-cli/tests/help_snapshots.rs
expression: "help(&[\"snapshot\", \"--help\"])"
---
Save or restore an instance snapshot

Usage: tensor-wasm snapshot [OPTIONS] <COMMAND>

Commands:
  save     Capture the state of a running instance into a `.tensor-wasm` file via the API
  restore  Restore an instance from a `.tensor-wasm` archive via the API
  help     Print this message or the help of the given subcommand(s)

Options:
      --tenant <TENANT>  Tenant id to advertise on outbound API requests via `X-TensorWasm-Tenant`. Zero (the default) suppresses the header for backwards compatibility [default: 0]
      --ca-cert <PATH>   Trust an additional PEM-encoded private CA root for HTTPS (added alongside the system trust store, not instead of it). Use this for a server fronted by an internal/self-signed CA instead of `--insecure`. The file must be PEM, not DER
      --insecure         SECURITY HAZARD: disable TLS certificate verification for outbound HTTPS, exposing the connection to man-in-the-middle attacks and possible theft of the TENSOR_WASM_TOKEN credential. For local dev against a throwaway cert only; prefer --ca-cert. Warns on every run
  -h, --help             Print help
