---
source: crates/tensor-wasm-cli/tests/help_snapshots.rs
assertion_line: 50
expression: "help(&[\"metrics\", \"--help\"])"
---
Fetch and pretty-print Prometheus metrics from a TensorWasm server

Usage: tensor-wasm metrics [OPTIONS] --server <SERVER>

Options:
      --server <SERVER>  Base URL of the target TensorWasm server (e.g. `http://localhost:8080`)
      --tenant <TENANT>  Tenant id to advertise on outbound API requests via `X-TensorWasm-Tenant`. Zero (the default) suppresses the header for backwards compatibility [default: 0]
      --output <OUTPUT>  Output format: `text` (raw Prometheus exposition, default) or `json` (a machine-readable document with the parsed samples for CI scripts) [default: text] [possible values: text, json]
      --ca-cert <PATH>   Trust an additional PEM-encoded private CA root for HTTPS (added alongside the system trust store, not instead of it). Use this for a server fronted by an internal/self-signed CA instead of `--insecure`. The file must be PEM, not DER
      --insecure         SECURITY HAZARD: disable TLS certificate verification for outbound HTTPS, exposing the connection to man-in-the-middle attacks and possible theft of the TENSOR_WASM_TOKEN credential. For local dev against a throwaway cert only; prefer --ca-cert. Warns on every run
  -h, --help             Print help
